10:51:22 **** Incremental Build of configuration Debug for project LCD ****
make all 
Building file: ../src/RCC_program.c
Invoking: Cross ARM GNU C Compiler
arm-none-eabi-gcc -mcpu=cortex-m3 -mthumb -Og -fmessage-length=0 -fsigned-char -ffunction-sections -fdata-sections -ffreestanding -fno-move-loop-invariants -Wall -Wextra  -g3 -DDEBUG -DUSE_FULL_ASSERT -DTRACE -DOS_USE_TRACE_SEMIHOSTING_DEBUG -DSTM32F10X_MD -DUSE_STDPERIPH_DRIVER -DHSE_VALUE=8000000 -I"../include" -I"../system/include" -I"../system/include/cmsis" -I"../system/include/stm32f1-stdperiph" -std=gnu11 -MMD -MP -MF"src/RCC_program.d" -MT"src/RCC_program.o" -c -o "src/RCC_program.o" "../src/RCC_program.c"
In file included from ../src/RCC_program.c:3:0:
../include/RCC_interface.h:102:0: warning: "SPI1" redefined
 #define SPI1      0x40001000
 
../include/RCC_interface.h:78:0: note: this is the location of the previous definition
 #define SPI1      0x80004000
 
../src/RCC_program.c: In function 'RCC_HSE_HSEBYP':
../src/RCC_program.c:102:2: warning: case label value is less than minimum value for type
  case CRYSTAL:
  ^~~~
../src/RCC_program.c:105:2: warning: case label value exceeds maximum value for type
  case RC:
  ^~~~
../src/RCC_program.c: In function 'RCC_MCO_Config':
../src/RCC_program.c:141:6: warning: unused variable 'local_Status' [-Wunused-variable]
   u8 local_Status = NOT_OK;
      ^~~~~~~~~~~~
../src/RCC_program.c: In function 'RCC_HSE_HSEBYP':
../src/RCC_program.c:103:11: warning: statement will never be executed [-Wswitch-unreachable]
   RCC->CR &= CRYSTAL;
           ^~
Finished building: ../src/RCC_program.c
 
Building file: ../src/main.c
Invoking: Cross ARM GNU C Compiler
arm-none-eabi-gcc -mcpu=cortex-m3 -mthumb -Og -fmessage-length=0 -fsigned-char -ffunction-sections -fdata-sections -ffreestanding -fno-move-loop-invariants -Wall -Wextra  -g3 -DDEBUG -DUSE_FULL_ASSERT -DTRACE -DOS_USE_TRACE_SEMIHOSTING_DEBUG -DSTM32F10X_MD -DUSE_STDPERIPH_DRIVER -DHSE_VALUE=8000000 -I"../include" -I"../system/include" -I"../system/include/cmsis" -I"../system/include/stm32f1-stdperiph" -std=gnu11 -MMD -MP -MF"src/main.d" -MT"src/main.o" -c -o "src/main.o" "../src/main.c"
In file included from ../src/main.c:4:0:
../include/RCC_interface.h:102:0: warning: "SPI1" redefined
 #define SPI1      0x40001000
 
../include/RCC_interface.h:78:0: note: this is the location of the previous definition
 #define SPI1      0x80004000
 
Finished building: ../src/main.c
 
Building target: LCD.elf
Invoking: Cross ARM GNU C++ Linker
arm-none-eabi-g++ -mcpu=cortex-m3 -mthumb -Og -fmessage-length=0 -fsigned-char -ffunction-sections -fdata-sections -ffreestanding -fno-move-loop-invariants -Wall -Wextra  -g3 -T mem.ld -T libs.ld -T sections.ld -nostartfiles -Xlinker --gc-sections -L"../ldscripts" -Wl,-Map,"LCD.map" --specs=nano.specs -o "LCD.elf"  ./system/src/stm32f1-stdperiph/misc.o ./system/src/stm32f1-stdperiph/stm32f10x_gpio.o ./system/src/stm32f1-stdperiph/stm32f10x_rcc.o  ./system/src/newlib/_cxx.o ./system/src/newlib/_exit.o ./system/src/newlib/_sbrk.o ./system/src/newlib/_startup.o ./system/src/newlib/_syscalls.o ./system/src/newlib/assert.o  ./system/src/diag/Trace.o ./system/src/diag/trace_impl.o  ./system/src/cortexm/_initialize_hardware.o ./system/src/cortexm/_reset_hardware.o ./system/src/cortexm/exception_handlers.o  ./system/src/cmsis/system_stm32f10x.o ./system/src/cmsis/vectors_stm32f10x.o  ./src/CLCD_program.o ./src/DELAY_program.o ./src/DIO_program.o ./src/RCC_program.o ./src/_write.o ./src/main.o   
Finished building target: LCD.elf
 
Invoking: Cross ARM GNU Create Flash Image
arm-none-eabi-objcopy -O ihex "LCD.elf"  "LCD.hex"
Finished building: LCD.hex
 
Invoking: Cross ARM GNU Print Size
arm-none-eabi-size --format=berkeley "LCD.elf"
   text	   data	    bss	    dec	    hex	filename
   4383	    176	    412	   4971	   136b	LCD.elf
Finished building: LCD.siz
 

10:51:24 Build Finished (took 1s.348ms)

